python.exe : Offline PTAX diagnostic failed; inspect private state
At line:2 char:139
+ ... StartNew(); & '.venv/Scripts/python.exe' -m unittest discover -s test ...
+                 ~~~~~~~~~~~~~~~~~~~~~~~~~~~~~~~~~~~~~~~~~~~~~~~~~~~~~~~~~
    + CategoryInfo          : NotSpecified: (Offline PTAX di...t private state:String) [], RemoteException
    + FullyQualifiedErrorId : NativeCommandError
 
Offline PTAX diagnostic failed; inspect private state
Offline PTAX diagnostic failed; inspect private state
Offline PTAX diagnostic failed; inspect private state
<USER_HOME>\AppData\Local\Programs\Python\Python311\Lib\zipfile.py:1550: UserWarning: Duplicate name: 
'xl/workbook.xml'
  return self._open_to_write(zinfo, force_zip64=force_zip64)
usage: collector [-h] --source SOURCE --sample SAMPLE --code-table CODE_TABLE
                 --private-run-dir PRIVATE_RUN_DIR
                 [--review-ledger REVIEW_LEDGER]
                 [--review-manifest REVIEW_MANIFEST]
                 {capture,replay}
collector: error: capture requires review ledger and manifest
Code-table audit failed: Archive SHA-256 mismatch
Code-table audit failed: [WinError 183] Cannot create a file when that file already exists: 
'<USER_HOME>\\AppData\\Local\\Temp\\tmpropu3uj4\\.report.json-j8x4t3_9.tmp' -> 
'<USER_HOME>\\AppData\\Local\\Temp\\tmpropu3uj4\\report.json'
PTAX source audit failed; inspect private run state
Cook review operation failed; inspect private state
----------------------------------------------------------------------
Ran 1185 tests in 204.029s

OK
