python.exe : C:\Users\tdech\AppData\Local\Programs\Python\Python311\Lib\zipfile.py:1550: UserWarning: Duplicate name: 
'xl/workbook.xml'
At line:2 char:80
+ ... = Get-Date; & .\.venv\Scripts\python.exe -m unittest discover -s test ...
+                 ~~~~~~~~~~~~~~~~~~~~~~~~~~~~~~~~~~~~~~~~~~~~~~~~~~~~~~~~~
    + CategoryInfo          : NotSpecified: (C:\Users\tdech\...l/workbook.xml':String) [], RemoteException
    + FullyQualifiedErrorId : NativeCommandError
 
  return self._open_to_write(zinfo, force_zip64=force_zip64)
usage: collector [-h] --source SOURCE --sample SAMPLE --code-table CODE_TABLE
                 --private-run-dir PRIVATE_RUN_DIR
                 [--review-ledger REVIEW_LEDGER]
                 [--review-manifest REVIEW_MANIFEST]
                 {capture,replay}
collector: error: capture requires review ledger and manifest
Code-table audit failed: Archive SHA-256 mismatch
Code-table audit failed: [WinError 183] Cannot create a file when that file already exists: 
'C:\\Users\\tdech\\AppData\\Local\\Temp\\tmpl0l9wtsx\\.report.json-agx43h9n.tmp' -> 
'C:\\Users\\tdech\\AppData\\Local\\Temp\\tmpl0l9wtsx\\report.json'
----------------------------------------------------------------------
Ran 815 tests in 199.460s

OK (skipped=1)
