Name                                                     Stmts   Miss Branch BrPart  Cover   Missing
----------------------------------------------------------------------------------------------------
src\tabpfn4realestate\__init__.py                            0      0      0      0   100%
src\tabpfn4realestate\ames.py                              114      8     46      8    90%   23, 51, 69, 74, 77, 95, 106, 153
src\tabpfn4realestate\ames_smoke.py                        149     18     32      8    86%   110, 147, 151, 154, 164, 205, 228, 329-344, 348
src\tabpfn4realestate\data\__init__.py                       0      0      0      0   100%
src\tabpfn4realestate\data\cook_parcel_sales.py            129     10     46      4    92%   104, 107-108, 119, 200, 203-204, 214-215, 231
src\tabpfn4realestate\data\lifecycle.py                    240     18     96     18    89%   22, 24, 33, 53, 63, 84, 90, 101, 105, 208, 210, 248, 266, 270->245, 273, 323, 335, 415-420
src\tabpfn4realestate\data\schema.py                       166     13     70     14    89%   20, 47, 68, 74, 127, 134, 138, 140, 171, 173, 192->exit, 206, 208, 226
src\tabpfn4realestate\evaluation\__init__.py                 0      0      0      0   100%
src\tabpfn4realestate\evaluation\calendar_schedule.py      116      7     36      5    92%   40, 44-45, 121, 128, 196, 209
src\tabpfn4realestate\evaluation\chronological_plan.py     140     12     48      8    89%   43, 47, 50, 63-64, 96, 130, 169-170, 201, 212, 227
src\tabpfn4realestate\evaluation\conformal.py              312     25    138     22    90%   63, 83, 103, 156, 158, 160, 226, 261, 273, 279, 288, 295, 297, 301, 306, 370, 405-406, 465, 496, 504, 533, 538, 540, 545
src\tabpfn4realestate\evaluation\holdout_ledger.py         152     18     54     15    84%   50, 71, 79, 97, 100, 103, 129, 165-167, 236, 247, 251, 278, 281, 296, 312, 316
src\tabpfn4realestate\evaluation\local_dates.py            104     12     34      6    87%   43-44, 74, 90, 125, 133, 138-139, 144, 156, 166-167
src\tabpfn4realestate\evaluation\metrics.py                107     10     30      8    87%   44, 53, 58-60, 98, 104, 117, 173-174, 176
src\tabpfn4realestate\evaluation\paired_bootstrap.py       221      7     60      7    95%   110, 118, 121, 141, 145, 284, 291
src\tabpfn4realestate\evaluation\spatial_splits.py         140      4     38      2    97%   40, 154-155, 227
src\tabpfn4realestate\evaluation\splits.py                 100      5     38      5    93%   82, 96, 109, 120, 220
src\tabpfn4realestate\features\__init__.py                   0      0      0      0   100%
src\tabpfn4realestate\features\asof.py                     111     15     60     11    81%   63, 65, 71, 123, 126, 151, 163-174, 202, 208, 217, 219
src\tabpfn4realestate\features\comparables.py              144     12     60     13    88%   42, 46, 105, 109, 120, 129, 157, 163, 170, 172, 222->218, 309, 320
src\tabpfn4realestate\models\__init__.py                     0      0      0      0   100%
src\tabpfn4realestate\models\bundle.py                     108      9     34      8    88%   133, 138, 167, 170, 194, 222, 226, 246, 250
src\tabpfn4realestate\models\guards.py                      85     13     50     13    81%   36, 40, 42, 44, 55, 57, 63, 79, 108, 129, 142, 144, 150
src\tabpfn4realestate\models\off_baseline.py               123      9     44      7    90%   84, 87, 94, 166, 183, 197, 206, 281-283
----------------------------------------------------------------------------------------------------
TOTAL                                                     2761    225   1014    182    89%
